// Jest Snapshot v1, https://goo.gl/fbAQLP

exports[`renders without crashing when left renders correctly 1`] = `ShallowWrapper {}`;

exports[`renders without crashing when right renders correctly 1`] = `ShallowWrapper {}`;
